[exprostudio.com/html/book_library/index.html]
[backblue.gif]
[fade.gif]
[index.html]
[exprostudio.com/html/book_library/apple-touch-icon.png]
[exprostudio.com/html/book_library/js/vendor/modernizr-2.8.3-respond-1.4.2.min.js]
[exprostudio.com/html/book_library/images/users/img-01.jpg]
[exprostudio.com/html/book_library/images/logo.png]
[exprostudio.com/html/book_library/images/products/img-01.jpg]
[exprostudio.com/html/book_library/index-2.html]
[exprostudio.com/html/book_library/images/products/img-02.jpg]
[exprostudio.com/html/book_library/images/products/img-03.jpg]
[exprostudio.com/html/book_library/images/img-01.png]
[exprostudio.com/html/book_library/products.html]
[exprostudio.com/html/book_library/authors.html]
[exprostudio.com/html/book_library/indexv2.html]
[exprostudio.com/html/book_library/authordetail.html]
[exprostudio.com/html/book_library/indexv3.html]
[exprostudio.com/html/book_library/newslist.html]
[exprostudio.com/html/book_library/newsgrid.html]
[exprostudio.com/html/book_library/newsdetail.html]
[exprostudio.com/html/book_library/contactus.html]
[exprostudio.com/html/book_library/aboutus.html]
[exprostudio.com/html/book_library/404error.html]
[exprostudio.com/html/book_library/productdetail.html]
[exprostudio.com/html/book_library/comingsoon.html]
[exprostudio.com/html/book_library/images/author/imag-01.jpg]
[exprostudio.com/html/book_library/images/parallax/bgparallax-01.jpg]
[exprostudio.com/html/book_library/images/parallax/bgparallax-02.jpg]
[exprostudio.com/html/book_library/images/parallax/bgparallax-03.jpg]
[exprostudio.com/html/book_library/images/books/img-01.jpg]
[exprostudio.com/html/book_library/images/books/img-02.jpg]
[exprostudio.com/html/book_library/images/books/img-03.jpg]
[exprostudio.com/html/book_library/images/books/img-04.jpg]
[exprostudio.com/html/book_library/images/books/img-05.jpg]
[exprostudio.com/html/book_library/images/books/img-06.jpg]
[exprostudio.com/html/book_library/images/img-02.png]
[exprostudio.com/html/book_library/images/books/img-07.jpg]
[exprostudio.com/html/book_library/images/books/img-08.jpg]
[exprostudio.com/html/book_library/images/books/img-09.jpg]
[exprostudio.com/html/book_library/images/parallax/bgparallax-04.jpg]
[exprostudio.com/html/book_library/images/books/img-10.jpg]
[exprostudio.com/html/book_library/images/books/img-11.jpg]
[exprostudio.com/html/book_library/images/books/img-12.jpg]
[exprostudio.com/html/book_library/images/parallax/bgparallax-05.jpg]
[exprostudio.com/html/book_library/images/author/imag-02.jpg]
[exprostudio.com/html/book_library/images/author/imag-03.jpg]
[exprostudio.com/html/book_library/images/author/imag-04.jpg]
[exprostudio.com/html/book_library/images/author/imag-05.jpg]
[exprostudio.com/html/book_library/images/author/imag-06.jpg]
[exprostudio.com/html/book_library/images/author/imag-07.jpg]
[exprostudio.com/html/book_library/images/author/imag-08.jpg]
[exprostudio.com/html/book_library/images/parallax/bgparallax-06.jpg]
[exprostudio.com/html/book_library/images/blog/img-01.jpg]
[exprostudio.com/html/book_library/images/blog/img-02.jpg]
[exprostudio.com/html/book_library/images/blog/img-03.jpg]
[exprostudio.com/html/book_library/images/blog/img-04.jpg]
[exprostudio.com/html/book_library/images/flogo.png]
[exprostudio.com/html/book_library/images/author/imag-09.jpg]
[exprostudio.com/html/book_library/images/author/imag-10.jpg]
[exprostudio.com/html/book_library/images/author/imag-11.jpg]
[exprostudio.com/html/book_library/images/paymenticon.png]
[exprostudio.com/html/book_library/js/vendor/jquery-library.js]
[exprostudio.com/html/book_library/js/vendor/bootstrap.min.js]
[exprostudio.com/html/book_library/js/owl.carousel.min.js]
[exprostudio.com/html/book_library/js/jquery.vide.min.js]
[exprostudio.com/html/book_library/js/countdown.js]
[exprostudio.com/html/book_library/js/jquery-ui.js]
[exprostudio.com/html/book_library/js/parallax.js]
[exprostudio.com/html/book_library/js/countTo.js]
[exprostudio.com/html/book_library/js/appear.js]
[exprostudio.com/html/book_library/js/gmap3.js]
[exprostudio.com/html/book_library/js/main.js]
[exprostudio.com/html/book_library/index.html]
[exprostudio.com/html/book_library/fonts/glyphicons-halflings-regular.eot]
[exprostudio.com/html/book_library/fonts/glyphicons-halflings-regular.woff2]
[exprostudio.com/html/book_library/fonts/glyphicons-halflings-regulard41d.eot]
[exprostudio.com/html/book_library/fonts/glyphicons-halflings-regular.woff]
[exprostudio.com/html/book_library/fonts/glyphicons-halflings-regular.ttf]
[exprostudio.com/html/book_library/css/bootstrap.min.css]
[exprostudio.com/html/book_library/css/normalize.css]
[exprostudio.com/html/book_library/fonts/fontawesome-webfont3e6e.eot]
[exprostudio.com/html/book_library/fonts/fontawesome-webfontd41d.eot]
[exprostudio.com/html/book_library/fonts/fontawesome-webfont3e6e.woff2]
[exprostudio.com/html/book_library/fonts/fontawesome-webfont3e6e.woff]
[exprostudio.com/html/book_library/fonts/fontawesome-webfont3e6e.ttf]
[exprostudio.com/html/book_library/css/font-awesome.min.css]
[exprostudio.com/html/book_library/fonts/icomoonbd7d.eot]
[exprostudio.com/html/book_library/css/icomoon.css]
[exprostudio.com/html/book_library/images/ui-icons_444444_256x240.5e.delayed]
[exprostudio.com/html/book_library/images/ui-icons_555555_256x240.5f.delayed]
[exprostudio.com/html/book_library/images/ui-icons_ffffff_256x240.png]
[exprostudio.com/html/book_library/images/ui-icons_777620_256x240.png]
[exprostudio.com/html/book_library/images/ui-icons_cc0000_256x240.png]
[exprostudio.com/html/book_library/images/ui-icons_777777_256x240.png]
[exprostudio.com/html/book_library/css/jquery-ui.css]
[exprostudio.com/html/book_library/images/owl.video.play.png]
[exprostudio.com/html/book_library/css/owl.carousel.css]
[exprostudio.com/html/book_library/css/transitions.css]
[exprostudio.com/html/book_library/images/books/bookpattren.png]
[exprostudio.com/html/book_library/images/comingsoon-bg.jpg]
[exprostudio.com/html/book_library/css/main.css]
[exprostudio.com/html/book_library/css/color.css]
[exprostudio.com/html/book_library/css/responsive.css]
[exprostudio.com/html/book_library/index-2.html]
[exprostudio.com/html/book_library/images/parallax/bgparallax-07.jpg]
[exprostudio.com/html/book_library/images/img-04.png]
[exprostudio.com/html/book_library/images/products/img-04.jpg]
[exprostudio.com/html/book_library/images/products/img-05.jpg]
[exprostudio.com/html/book_library/images/products/img-06.jpg]
[exprostudio.com/html/book_library/images/products/img-07.jpg]
[exprostudio.com/html/book_library/images/instagram/img-01.jpg]
[exprostudio.com/html/book_library/images/instagram/img-02.jpg]
[exprostudio.com/html/book_library/images/instagram/img-03.jpg]
[exprostudio.com/html/book_library/images/instagram/img-04.jpg]
[exprostudio.com/html/book_library/images/instagram/img-05.jpg]
[exprostudio.com/html/book_library/images/instagram/img-06.jpg]
[exprostudio.com/html/book_library/images/instagram/img-07.jpg]
[exprostudio.com/html/book_library/images/instagram/img-08.jpg]
[exprostudio.com/html/book_library/images/instagram/img-09.jpg]
[exprostudio.com/html/book_library/products.html]
[exprostudio.com/html/book_library/images/img-03.png]
[exprostudio.com/html/book_library/indexv2.html]
[exprostudio.com/html/book_library/indexv3.html]
[exprostudio.com/html/book_library/images/author/imag-20.jpg]
[exprostudio.com/html/book_library/images/author/imag-15.jpg]
[exprostudio.com/html/book_library/images/author/imag-14.jpg]
[exprostudio.com/html/book_library/images/author/imag-16.jpg]
[exprostudio.com/html/book_library/images/author/imag-17.jpg]
[exprostudio.com/html/book_library/images/author/imag-18.jpg]
[exprostudio.com/html/book_library/images/author/imag-19.jpg]
[exprostudio.com/html/book_library/images/author/imag-21.jpg]
[exprostudio.com/html/book_library/images/author/imag-22.jpg]
[exprostudio.com/html/book_library/images/author/imag-23.jpg]
[exprostudio.com/html/book_library/authors.html]
[exprostudio.com/html/book_library/images/author/imag-25.jpg]
[exprostudio.com/html/book_library/authordetail.html]
[exprostudio.com/html/book_library/images/blog/img-05.jpg]
[exprostudio.com/html/book_library/images/blog/img-06.jpg]
[exprostudio.com/html/book_library/images/blog/img-07.jpg]
[exprostudio.com/html/book_library/newslist.html]
[exprostudio.com/html/book_library/images/blog/img-08.jpg]
[exprostudio.com/html/book_library/images/blog/img-09.jpg]
[exprostudio.com/html/book_library/images/blog/img-10.jpg]
[exprostudio.com/html/book_library/images/blog/img-11.jpg]
[exprostudio.com/html/book_library/images/blog/img-12.jpg]
[exprostudio.com/html/book_library/images/blog/img-13.jpg]
[exprostudio.com/html/book_library/images/blog/img-14.jpg]
[exprostudio.com/html/book_library/images/blog/img-15.jpg]
[exprostudio.com/html/book_library/newsgrid.html]
[exprostudio.com/html/book_library/images/img-03.jpg]
[exprostudio.com/html/book_library/images/author/imag-26.jpg]
[exprostudio.com/html/book_library/images/author/imag-24.jpg]
[exprostudio.com/html/book_library/images/img-04.jpg]
[exprostudio.com/html/book_library/images/img-05.jpg]
[exprostudio.com/html/book_library/newsdetail.html]
[exprostudio.com/html/book_library/contactus.html]
[exprostudio.com/html/book_library/images/placeholder.jpg]
[exprostudio.com/html/book_library/images/img-01.jpg]
[exprostudio.com/html/book_library/images/team/img-01.jpg]
[exprostudio.com/html/book_library/images/team/img-02.jpg]
[exprostudio.com/html/book_library/images/team/img-03.jpg]
[exprostudio.com/html/book_library/images/team/img-04.jpg]
[exprostudio.com/html/book_library/images/team/img-05.jpg]
[exprostudio.com/html/book_library/aboutus.html]
[exprostudio.com/html/book_library/images/img-02.jpg]
[exprostudio.com/html/book_library/images/placeholdervtwo.jpg]
[exprostudio.com/html/book_library/productdetail.html]
[exprostudio.com/html/book_library/404error.html]
[exprostudio.com/html/book_library/images/logo-02.png]
[exprostudio.com/html/book_library/comingsoon.html]
[exprostudio.com/html/book_library/fonts/glyphicons-halflings-regular.svg]
[exprostudio.com/html/book_library/fonts/fontawesome-webfont3e6e.svg]
[exprostudio.com/html/book_library/fonts/icomoonbd7d.ttf]
[exprostudio.com/html/book_library/fonts/icomoonbd7d.woff]
[exprostudio.com/html/book_library/fonts/icomoonbd7d.svg]
[exprostudio.com/html/book_library/images/ui-icons_444444_256x240.html]
[exprostudio.com/html/book_library/images/ui-icons_555555_256x240.html]
[exprostudio.com/html/book_library/images/ui-icons_ffffff_256x240.html]
[exprostudio.com/html/book_library/images/ui-icons_777620_256x240.html]
[exprostudio.com/html/book_library/images/ui-icons_cc0000_256x240.html]
[exprostudio.com/html/book_library/images/ui-icons_777777_256x240.html]
[exprostudio.com/html/book_library/css/color-purple.css]
